// Jest Snapshot v1, https://goo.gl/fbAQLP

exports[`renders correctly enzyme 1`] = `
<div>
  <h1>
    Home Page
  </h1>
  <p>
    This is the home page
  </p>
  <span>
    Updated
  </span>
</div>
`;
